      1.00      227.021      0.200    45.4799    45.4897    454799
      1.22       170.41      0.245    41.6972    50.9434    416972
      1.49      128.846      0.299    38.5071    57.4608    385071
      1.82      97.4763      0.365    35.5819    64.8568    355819
      2.23      74.2626      0.446    33.1100    73.7139    331100
      2.72      56.2727      0.545    30.6440    83.3169    306440
      3.32      42.7185      0.665    28.4134    94.3809    284134
      4.06      32.3645      0.812    26.2927    106.646    262927
      4.95      24.7221      0.992    24.5307    121.553    245307
      6.05      18.7529      1.212    22.7275     137.54    227275
      7.39      14.1672      1.480    20.9713    154.993    209713
      9.03      10.7811      1.808    19.4923    175.973    194923
     11.02      8.18408      2.208    18.0730    199.285    180730
     13.46      6.18232      2.697    16.6752    224.585    166752
     16.44      4.65491      3.294    15.3352    252.262    153352
     20.09       3.5077      4.024    14.1143     283.61    141143
     24.53      2.62975      4.915    12.9244    317.146    129244
     29.96      1.97842      6.003    11.8761    355.971    118761
     36.60      1.50459      7.332    11.0314    403.841    110314
     44.70      1.12054      8.955    10.0346    448.552    100346
     54.60     0.834095     10.938     9.1232    498.286     91232
     66.69     0.623736     13.360     8.3328    555.684     83328
     81.45     0.463617     16.317     7.5650    616.372     75650
     99.48     0.347877     19.930     6.9332    690.034     69332
    121.51     0.260194     24.343     6.3338     769.24     63338
    148.41     0.191079     29.732     5.6812     843.01     56812
    181.27     0.141821     36.315     5.1502    933.871     51502
    221.41     0.104933     44.355     4.6543     1030.5     46543
    270.43    0.0763704     54.175     4.1374    1118.63     41374
    330.30    0.0557654     66.170     3.6900    1218.33     36900
    403.43     0.040689     80.820     3.2885    1326.22     32885
    492.75    0.0296908     98.714     2.9309    1443.32     29309
    601.85      0.02159    120.570     2.6031    1566.01     26031
    735.10    0.0154084    147.264     2.2691    1667.36     22691
    897.85    0.0110386    179.869     1.9855    1781.07     19855
   1096.63   0.00798617    219.692     1.7545    1922.22     17545
   1339.43   0.00563852    268.333     1.5130    2025.29     15130
   1635.98   0.00392747    327.742     1.2872    2104.35     12872
   1998.20   0.00283209    400.306     1.1337    2263.88     11337
   2440.60   0.00197757    488.934     0.9669    2361.11      9669
   2980.96   0.00136859    597.186     0.8173    2434.48      8173
   3640.95   0.00093309    729.404     0.6806    2475.21      6806
   4447.07  0.000641376    890.896     0.5714    2534.96      5714
   5431.66  0.000446357   1088.143     0.4857    2636.29      4857
   6634.24  0.000306532   1329.061     0.4074    2699.22      4074
   8103.08  0.000209571   1623.319     0.3402    2755.03      3402
   9897.13   0.00013774   1982.727     0.2731    2693.81      2731
  12088.38   9.1836e-05   2421.708     0.2224    2680.92      2224
  14764.78  5.91978e-05   2957.880     0.1751    2583.58      1751
  18033.74  3.89176e-05   3612.763     0.1406    2527.08      1406
  22026.47  2.52003e-05   4412.639     0.1112    2449.65      1112
  26903.19  1.56969e-05   5389.609     0.0846    2272.19       846
  32859.63  9.84371e-06   6582.884     0.0648    2127.64       648
  40134.84  6.18132e-06   8040.352     0.0497    1990.88       497
  49020.80  3.33995e-06   9820.509     0.0328    1607.92       328
  59874.14  1.80912e-06  11994.796     0.0217    1296.23       217
  73130.44  1.09211e-06  14650.477     0.0160    1161.99       160
  89321.72    5.309e-07  17894.133     0.0095    844.192        95
 109097.80  1.92167e-07  21855.944     0.0042    459.962        42
 133252.35  8.99048e-08  26694.910     0.0024    308.119        24
 162754.79            0  32605.237     0.0000          0         0
